TAP version 13
# (node:69596) ExperimentalWarning: SQLite is an experimental feature and might change at any time
# (Use `node --trace-warnings ...` to show where the warning was created)
# Subtest: R7: all retained rooms and filtered feed entries remain reachable with tied timestamps
ok 1 - R7: all retained rooms and filtered feed entries remain reachable with tied timestamps
  ---
  duration_ms: 63.796625
  type: 'test'
  ...
# Subtest: R4: older chat pages are ordered, bounded and private, including timestamp ties
ok 2 - R4: older chat pages are ordered, bounded and private, including timestamp ties
  ---
  duration_ms: 9.936708
  type: 'test'
  ...
1..2
# tests 2
# suites 0
# pass 2
# fail 0
# cancelled 0
# skipped 0
# todo 0
# duration_ms 146.001542
