TAP version 13
# (node:69582) ExperimentalWarning: SQLite is an experimental feature and might change at any time
# (Use `node --trace-warnings ...` to show where the warning was created)
# Subtest: R7: all retained rooms and filtered feed entries remain reachable with tied timestamps
not ok 1 - R7: all retained rooms and filtered feed entries remain reachable with tied timestamps
  ---
  duration_ms: 130.57075
  type: 'test'
  location: '/private/tmp/sikgu-repair-original/tests/pagination.test.mjs:10:1'
  failureType: 'testCodeFailure'
  error: 'must expose pagination'
  code: 'ERR_ASSERTION'
  name: 'AssertionError'
  operator: 'notStrictEqual'
  stack: |-
    TestContext.<anonymous> (file:///private/tmp/sikgu-repair-original/tests/pagination.test.mjs:26:12)
    async Test.run (node:internal/test_runner/test:1054:7)
    async startSubtestAfterBootstrap (node:internal/test_runner/harness:296:3)
  ...
# Subtest: R4: older chat pages are ordered, bounded and private, including timestamp ties
not ok 2 - R4: older chat pages are ordered, bounded and private, including timestamp ties
  ---
  duration_ms: 5.96975
  type: 'test'
  location: '/private/tmp/sikgu-repair-original/tests/pagination.test.mjs:35:1'
  failureType: 'testCodeFailure'
  error: |-
    Expected "actual" to be strictly unequal to:
    
    undefined
  code: 'ERR_ASSERTION'
  name: 'AssertionError'
  operator: 'notStrictEqual'
  stack: |-
    TestContext.<anonymous> (file:///private/tmp/sikgu-repair-original/tests/pagination.test.mjs:44:52)
    async Test.run (node:internal/test_runner/test:1054:7)
    async Test.processPendingSubtests (node:internal/test_runner/test:744:7)
  ...
1..2
# tests 2
# suites 0
# pass 0
# fail 2
# cancelled 0
# skipped 0
# todo 0
# duration_ms 259.6225
