TAP version 13
# (node:66818) ExperimentalWarning: SQLite is an experimental feature and might change at any time
# (Use `node --trace-warnings ...` to show where the warning was created)
# Subtest: R1: removal committed before a send prevents the message write
ok 1 - R1: removal committed before a send prevents the message write
  ---
  duration_ms: 471.7775
  type: 'test'
  ...
# Subtest: R2: approval rechecks deleting at the write boundary
ok 2 - R2: approval rechecks deleting at the write boundary
  ---
  duration_ms: 21.126583
  type: 'test'
  ...
# Subtest: R2: approval rechecks expired at the write boundary
ok 3 - R2: approval rechecks expired at the write boundary
  ---
  duration_ms: 4.122959
  type: 'test'
  ...
# Subtest: request_join cannot succeed after concurrent room deletion
ok 4 - request_join cannot succeed after concurrent room deletion
  ---
  duration_ms: 25.940916
  type: 'test'
  ...
# Subtest: create_invite cannot succeed after concurrent room deletion
ok 5 - create_invite cannot succeed after concurrent room deletion
  ---
  duration_ms: 3.564209
  type: 'test'
  ...
1..5
# tests 5
# suites 0
# pass 5
# fail 0
# cancelled 0
# skipped 0
# todo 0
# duration_ms 1037.958375
